Microchip MPLAB XC8 Compiler V2.30

Linker command line:

-W-3 --edf=C:\Program Files\Microchip\xc8\v2.30\pic\dat\en_msgs.txt -cn \
  -h+dist/default/production\LED_PWM.X.production.sym \
  --cmf=dist/default/production\LED_PWM.X.production.cmf -z -Q16F883 \
  -oC:\Users\sakam\AppData\Local\Temp\soiox2 --defsym=__MPLAB_BUILD=1 \
  -Mdist/default/production/LED_PWM.X.production.map -E1 -ver=XC8 Compiler \
  --acfsm=1493 -ASTACK=0120h-016Fh -pstack=STACK -ACODE=00h-07FFhx2 \
  -ASTRCODE=00h-0FFFh -ASTRING=00h-0FFhx16 -ACONST=00h-0FFhx16 \
  -AENTRY=00h-0FFhx16 -ACOMMON=070h-07Fh -ABANK0=020h-06Fh \
  -ABANK1=0A0h-0EFh -ABANK2=0120h-016Fh \
  -ARAM=020h-06Fh,0A0h-0EFh,0120h-016Fh \
  -AABS1=020h-07Fh,0A0h-0EFh,0120h-016Fh -ASFR0=00h-01Fh -ASFR1=080h-09Fh \
  -ASFR2=0100h-011Fh -ASFR3=0180h-01EFh -ACONFIG=02007h-02008h -DCONFIG=2 \
  -AIDLOC=02000h-02003h -DIDLOC=2 -AEEDATA=00h-0FFh/02100h \
  -peeprom_data=EEDATA -DEEDATA=2 -DCODE=2 -DSTRCODE=2 -DSTRING=2 -DCONST=2 \
  -DENTRY=2 -preset_vec=00h,intentry,init,end_init -ppowerup=CODE \
  -pcinit=CODE -pfunctab=ENTRY -k \
  C:\Users\sakam\AppData\Local\Temp\soioxg.o \
  dist/default/production\LED_PWM.X.production.o 

Object code version is 3.11

Machine type is 16F883



                Name                               Link     Load   Length Selector   Space Scale
C:\Users\sakam\AppData\Local\Temp\soioxg.o
                end_init                              0        0        2        0       0
                config                             2007     2007        2        0       4
dist/default/production\LED_PWM.X.production.o
                cinit                               7F9      7F9        7      FF2       0
                config                             2007     2007        2        0       4
                text14                              11D      11D      1DD      23A       0
                text13                              9FC      9FC       4E     13F8       0
                text12                              AC4      AC4       A2     1588       0
                text11                              957      957       27     12AE       0
                text10                              CB1      CB1      34F     1962       0
                text9                               A4A      A4A       7A     1494       0
                text8                                63       63       BA       C6       0
                text7                               921      921       11     1242       0
                text6                               932      932       11     1264       0
                text5                               9B8      9B8       44     1370       0
                text4                               97E      97E       3A     12FC       0
                text3                                59       59        A       B2       0
                text2                               B66      B66      14B     16CC       0
                text1                               943      943       14     1286       0
                maintext                            2FA      2FA      4FF      5F4       0
                cstackBANK0                          20       20       35       20       1
                cstackCOMMON                         70       70        E       70       1
                cstackBANK1                          A0       A0       28       A0       1
                bssBANK0                             55       55        2       20       1
                strings                               2        2       56        4       0

TOTAL           Name                               Link     Load   Length     Space
        CLASS   STACK          

        CLASS   CODE           
                end_init                              0        0        2         0
                cinit                               7F9      7F9        7         0
                text14                              11D      11D      1DD         0
                text13                              9FC      9FC       4E         0
                text12                              AC4      AC4       A2         0
                text11                              957      957       27         0
                text10                              CB1      CB1      34F         0
                text9                               A4A      A4A       7A         0
                text8                                63       63       BA         0
                text7                               921      921       11         0
                text6                               932      932       11         0
                text5                               9B8      9B8       44         0
                text4                               97E      97E       3A         0
                text3                                59       59        A         0
                text2                               B66      B66      14B         0
                text1                               943      943       14         0
                maintext                            2FA      2FA      4FF         0

        CLASS   STRCODE        

        CLASS   STRING         
                strings                               2        2       56         0

        CLASS   CONST          

        CLASS   ENTRY          

        CLASS   COMMON         
                cstackCOMMON                         70       70        E         1

        CLASS   BANK0          
                cstackBANK0                          20       20       35         1
                bssBANK0                             55       55        2         1

        CLASS   BANK1          
                cstackBANK1                          A0       A0       28         1

        CLASS   BANK2          

        CLASS   RAM            

        CLASS   ABS1           
                abs_s1                               7E       7E        2         1

        CLASS   SFR0           

        CLASS   SFR1           

        CLASS   SFR2           

        CLASS   SFR3           

        CLASS   CONFIG         
                config                             2007     2007        2         4

        CLASS   IDLOC          

        CLASS   EEDATA         

        CLASS   BANK3          



SEGMENTS        Name                           Load    Length   Top    Selector   Space  Class     Delta

                reset_vec                      000000  000002  000002         0       0  CODE        2
                strings                        000002  000056  000058         4       0  STRING      2
                cstackBANK0                    000020  000037  000057        20       1  BANK0       1
                cstackCOMMON                   000070  00000E  00007E        70       1  COMMON      1
                cstackBANK1                    0000A0  000028  0000C8        A0       1  BANK1       1
                text3                          000059  00000A  000063        B2       0  CODE        2
                text8                          000063  0000BA  00011D        C6       0  CODE        2
                text14                         00011D  0001DD  0002FA       23A       0  CODE        2
                maintext                       0002FA  0004FF  0007F9       5F4       0  CODE        2
                cinit                          0007F9  000007  000800       FF2       0  CODE        2
                text7                          000921  000011  000932      1242       0  CODE        2
                text6                          000932  000011  000943      1264       0  CODE        2
                text1                          000943  000014  000957      1286       0  CODE        2
                text11                         000957  000027  00097E      12AE       0  CODE        2
                text4                          00097E  00003A  0009B8      12FC       0  CODE        2
                text5                          0009B8  000044  0009FC      1370       0  CODE        2
                text13                         0009FC  00004E  000A4A      13F8       0  CODE        2
                text9                          000A4A  00007A  000AC4      1494       0  CODE        2
                text12                         000AC4  0000A2  000B66      1588       0  CODE        2
                text2                          000B66  00014B  000CB1      16CC       0  CODE        2
                text10                         000CB1  00034F  001000      1962       0  CODE        2


UNUSED ADDRESS RANGES

        Name                Unused          Largest block    Delta
        BANK0            0057-006F             19           1
        BANK1            00C8-00EF             28           1
        BANK2            0120-016F             50           1
        CODE             0058-0058              1           2
                         0800-0920            121
        CONST            0058-0058              1           2
                         0800-0920            100
        EEDATA           2100-21FF            100           2
        ENTRY            0058-0058              1           2
                         0800-0920            100
        IDLOC            2000-2003              4           2
        RAM              0057-006F             19           1
                         00C8-00EF             28
                         0120-016F             50
        SFR0             0000-001F             20           1
        SFR1             0080-009F             20           1
        SFR2             0100-011F             20           1
        SFR3             0180-01EF             70           1
        STACK            0120-016F             50           1
        STRCODE          0058-0058              1           2
                         0800-0920            121
        STRING           0058-0058              1           2
                         0800-0920            100

                                  Symbol Table

?__Umul8_16              cstackCOMMON 0070
?___fldiv                cstackBANK0  0035
?___flmul                cstackBANK0  0020
?___fltol                cstackCOMMON 0070
?___lwdiv                cstackCOMMON 0070
?___lwmod                cstackCOMMON 0078
?___xxtofl               cstackCOMMON 0070
?_printf                 cstackBANK0  0020
_ANSEL                   (abs)        0188
_CCP1CONbits             (abs)        0017
_CCPR1L                  (abs)        0015
_OSCCON                  (abs)        008F
_PORTA                   (abs)        0005
_PORTB                   (abs)        0006
_PR2                     (abs)        0092
_RCIF                    (abs)        0065
_RCREG                   (abs)        001A
_RCSTA                   (abs)        0018
_RCSTAbits               (abs)        0018
_SPBRG                   (abs)        0099
_T2CONbits               (abs)        0012
_TRISA                   (abs)        0085
_TRISB                   (abs)        0086
_TRISC                   (abs)        0087
_TXIF                    (abs)        0064
_TXREG                   (abs)        0019
_TXSTA                   (abs)        0098
_TXSTAbits               (abs)        0098
__Habs1                  abs1         0000
__Hbank0                 bank0        0000
__Hbank1                 bank1        0000
__Hbank2                 bank2        0000
__Hbank3                 bank3        0000
__HbssBANK0              bssBANK0     0000
__Hcinit                 cinit        0800
__Hclrtext               clrtext      0000
__Hcode                  code         0000
__Hcommon                common       0000
__Hconfig                config       2009
__HcstackBANK0           cstackBANK0  0000
__HcstackBANK1           cstackBANK1  0000
__HcstackCOMMON          cstackCOMMON 0000
__Heeprom_data           eeprom_data  0000
__Hend_init              end_init     0002
__Hfunctab               functab      0000
__Hinit                  init         0000
__Hintentry              intentry     0000
__Hmaintext              maintext     0000
__Hpowerup               powerup      0000
__Hram                   ram          0000
__Hreset_vec             reset_vec    0000
__Hsfr0                  sfr0         0000
__Hsfr1                  sfr1         0000
__Hsfr2                  sfr2         0000
__Hsfr3                  sfr3         0000
__Hspace_0               (abs)        1000
__Hspace_1               (abs)        00C8
__Hspace_2               (abs)        0000
__Hspace_3               (abs)        0000
__Hspace_4               (abs)        4010
__Hstack                 stack        0000
__Hstrings               strings      0000
__Htext                  text         0000
__Labs1                  abs1         0000
__Lbank0                 bank0        0000
__Lbank1                 bank1        0000
__Lbank2                 bank2        0000
__Lbank3                 bank3        0000
__LbssBANK0              bssBANK0     0000
__Lcinit                 cinit        07F9
__Lclrtext               clrtext      0000
__Lcode                  code         0000
__Lcommon                common       0000
__Lconfig                config       0000
__LcstackBANK0           cstackBANK0  0000
__LcstackBANK1           cstackBANK1  0000
__LcstackCOMMON          cstackCOMMON 0000
__Leeprom_data           eeprom_data  0000
__Lend_init              end_init     0000
__Lfunctab               functab      0000
__Linit                  init         0000
__Lintentry              intentry     0000
__Lmaintext              maintext     0000
__Lpowerup               powerup      0000
__Lram                   ram          0000
__Lreset_vec             reset_vec    0000
__Lsfr0                  sfr0         0000
__Lsfr1                  sfr1         0000
__Lsfr2                  sfr2         0000
__Lsfr3                  sfr3         0000
__Lspace_0               (abs)        0000
__Lspace_1               (abs)        0000
__Lspace_2               (abs)        0000
__Lspace_3               (abs)        0000
__Lspace_4               (abs)        0000
__Lstack                 stack        0000
__Lstrings               strings      0000
__Ltext                  text         0000
__S0                     (abs)        1000
__S1                     (abs)        00C8
__S2                     (abs)        0000
__S3                     (abs)        0000
__Umul8_16               text11       0957
__Umul8_16@multiplicand  cstackCOMMON 0070
__Umul8_16@multiplier    cstackCOMMON 0078
__Umul8_16@product       cstackCOMMON 0074
__Umul8_16@word_mpld     cstackCOMMON 0076
___fldiv                 text14       011D
___fldiv@a               cstackBANK0  0035
___fldiv@aexp            cstackBANK0  004E
___fldiv@b               cstackBANK0  0039
___fldiv@bexp            cstackBANK0  004D
___fldiv@grs             cstackBANK0  0049
___fldiv@new_exp         cstackBANK0  0047
___fldiv@rem             cstackBANK0  0042
___fldiv@sign            cstackBANK0  0046
___fleq                  text13       09FC
___fleq@ff1              cstackCOMMON 0070
___fleq@ff2              cstackCOMMON 0074
___flge                  text12       0AC4
___flge@ff1              cstackCOMMON 0070
___flge@ff2              cstackCOMMON 0074
___flmul                 text10       0CB1
___flmul@a               cstackBANK0  0024
___flmul@aexp            cstackBANK0  002D
___flmul@b               cstackBANK0  0020
___flmul@bexp            cstackBANK0  002E
___flmul@grs             cstackBANK0  0029
___flmul@prod            cstackBANK0  002F
___flmul@sign            cstackBANK0  0028
___flmul@temp            cstackBANK0  0033
___fltol                 text9        0A4A
___fltol@exp1            cstackCOMMON 007A
___fltol@f1              cstackCOMMON 0070
___fltol@sign1           cstackCOMMON 0079
___int_sp                stack        0000
___latbits               (abs)        0001
___lwdiv                 text5        09B8
___lwdiv@counter         cstackCOMMON 0077
___lwdiv@dividend        cstackCOMMON 0072
___lwdiv@divisor         cstackCOMMON 0070
___lwdiv@quotient        cstackCOMMON 0075
___lwmod                 text4        097E
___lwmod@counter         cstackCOMMON 007D
___lwmod@dividend        cstackCOMMON 007A
___lwmod@divisor         cstackCOMMON 0078
___sp                    stack        0000
___stackhi               (abs)        0000
___stacklo               (abs)        0000
___xxtofl                text8        0063
___xxtofl@arg            cstackCOMMON 007A
___xxtofl@exp            cstackCOMMON 0079
___xxtofl@sign           cstackCOMMON 0078
___xxtofl@val            cstackCOMMON 0070
__end_of__Umul8_16       text11       097E
__end_of___fldiv         text14       02FA
__end_of___fleq          text13       0A4A
__end_of___flge          text12       0B66
__end_of___flmul         text10       1000
__end_of___fltol         text9        0AC4
__end_of___lwdiv         text5        09FC
__end_of___lwmod         text4        09B8
__end_of___xxtofl        text8        011D
__end_of__initialization cinit        07FD
__end_of__stringtab      strings      0008
__end_of_dpowers         strings      0012
__end_of_hexpowers       strings      001A
__end_of_initUART        text7        0932
__end_of_init_pwm        text6        0943
__end_of_main            maintext     07F9
__end_of_printf          text2        0CB1
__end_of_putch           text3        0063
__end_of_set_port        text1        0957
__initialization         cinit        07F9
__pbssBANK0              bssBANK0     0055
__pcstackBANK0           cstackBANK0  0020
__pcstackBANK1           cstackBANK1  00A0
__pcstackCOMMON          cstackCOMMON 0070
__pmaintext              maintext     02FA
__pstrings               strings      0002
__ptext1                 text1        0943
__ptext10                text10       0CB1
__ptext11                text11       0957
__ptext12                text12       0AC4
__ptext13                text13       09FC
__ptext14                text14       011D
__ptext2                 text2        0B66
__ptext3                 text3        0059
__ptext4                 text4        097E
__ptext5                 text5        09B8
__ptext6                 text6        0932
__ptext7                 text7        0921
__ptext8                 text8        0063
__ptext9                 text9        0A4A
__size_of__Umul8_16      (abs)        0000
__size_of___fldiv        (abs)        0000
__size_of___fleq         (abs)        0000
__size_of___flge         (abs)        0000
__size_of___flmul        (abs)        0000
__size_of___fltol        (abs)        0000
__size_of___lwdiv        (abs)        0000
__size_of___lwmod        (abs)        0000
__size_of___xxtofl       (abs)        0000
__size_of_initUART       (abs)        0000
__size_of_init_pwm       (abs)        0000
__size_of_main           (abs)        0000
__size_of_printf         (abs)        0000
__size_of_putch          (abs)        0000
__size_of_set_port       (abs)        0000
__stringbase             strings      0007
__stringtab              strings      0002
_dpowers                 strings      0008
_hexpowers               strings      0012
_initUART                text7        0921
_init_pwm                text6        0932
_main                    maintext     02FA
_main$911                cstackBANK1  00AA
_printf                  text2        0B66
_putch                   text3        0059
_set_port                text1        0943
btemp                    (abs)        007E
end_of_initialization    cinit        07FD
intlevel0                functab      0000
intlevel1                functab      0000
intlevel2                functab      0000
intlevel3                functab      0000
intlevel4                functab      0000
intlevel5                functab      0000
main@CLKPeriod           cstackBANK1  00C0
main@PWMPeriod           cstackBANK1  00AF
main@bits                cstackBANK1  00BF
main@freq                cstackBANK1  00B9
main@onTime              cstackBANK1  00A3
main@priscaler           cstackBANK1  00C4
main@temp                cstackBANK1  00B5
main@tmp                 cstackBANK1  00BB
main@tp                  cstackBANK1  00B3
main@uctp                cstackBANK1  00AE
printf@ap                cstackBANK0  002A
printf@c                 cstackBANK0  0030
printf@f                 cstackBANK0  002B
printf@flag              cstackBANK0  002D
printf@idx               cstackBANK0  0029
printf@prec              cstackBANK0  002C
printf@val               cstackBANK0  002E
putch@byte               cstackCOMMON 0070
reset_vec                reset_vec    0000
start                    init         0000
start_initialization     cinit        07F9
wtemp0                   (abs)        007E


FUNCTION INFORMATION:

 *************** function _main *****************
 Defined at:
		line 64 in file "main.c"
 Parameters:    Size  Location     Type
		None
 Auto vars:     Size  Location     Type
  tmp             4   27[BANK1 ] PTR void [1]
  temp            4   21[BANK1 ] PTR void [1]
  onTime          4    3[BANK1 ] PTR void [1]
  tp              2   19[BANK1 ] unsigned char [2]
  uctp            1   14[BANK1 ] unsigned char 
  freq            2   25[BANK1 ] int 
  priscaler       4   36[BANK1 ] int 
  CLKPeriod       4   32[BANK1 ] int 
  PWMPeriod       4   15[BANK1 ] int 
  bits            1   31[BANK1 ] unsigned char 
  LED3            1    0        unsigned char 
  LED1            1    0        unsigned char 
  LEDS            1    0        unsigned char 
  LED4            1    0        unsigned char 
  LED2            1    0        unsigned char 
  LED             1    0        unsigned char 
 Return value:  Size  Location     Type
                  1    wreg      void 
 Registers used:
		wreg, fsr0l, fsr0h, status,2, status,0, btemp+1, pclath, cstack
 Tracked objects:
		On entry : 
		On exit  : 
		Unchanged: 
 Data sizes:     COMMON   BANK0   BANK1   BANK2
      Params:         0       0       0       0
      Locals:         0       0      40       0
      Temps:          0       6       0       0
      Totals:         0       6      40       0
Total ram usage:       46 bytes
 Hardware stack levels required when called:    2
 This function calls:
		___fldiv
		___fleq
		___flge
		___flmul
		___fltol
		___xxtofl
		_initUART
		_init_pwm
		_printf
		_set_port
 This function is called by:
		Startup code after reset
 This function uses a non-reentrant model


 *************** function _set_port *****************
 Defined at:
		line 227 in file "main.c"
 Parameters:    Size  Location     Type
		None
 Auto vars:     Size  Location     Type
		None
 Return value:  Size  Location     Type
                  1    wreg      void 
 Registers used:
		wreg, status,2
 Tracked objects:
		On entry : 
		On exit  : 
		Unchanged: 
 Data sizes:     COMMON   BANK0   BANK1   BANK2
      Params:         0       0       0       0
      Locals:         0       0       0       0
      Temps:          0       0       0       0
      Totals:         0       0       0       0
Total ram usage:        0 bytes
 Hardware stack levels used:    1
 This function calls:
		Nothing
 This function is called by:
		_main
 This function uses a non-reentrant model


 *************** function _printf *****************
 Defined at:
		line 477 in file "C:\Program Files\Microchip\xc8\v2.30\pic\sources\c90\common\doprnt.c"
 Parameters:    Size  Location     Type
  f               1    wreg     PTR const unsigned char 
		 -> STR_3(30), STR_2(15), STR_1(2), 
 Auto vars:     Size  Location     Type
  f               1   11[BANK0 ] PTR const unsigned char 
		 -> STR_3(30), STR_2(15), STR_1(2), 
  idx             1    9[BANK0 ] unsigned char 
  tmpval          4    0        struct .
  val             2   14[BANK0 ] unsigned int 
  cp              2    0        PTR const unsigned char 
  len             2    0        unsigned int 
  c               1   16[BANK0 ] unsigned char 
  flag            1   13[BANK0 ] unsigned char 
  prec            1   12[BANK0 ] char 
  ap              1   10[BANK0 ] PTR void [1]
		 -> ?_printf(2), 
 Return value:  Size  Location     Type
                  2    0[BANK0 ] int 
 Registers used:
		wreg, fsr0l, fsr0h, status,2, status,0, btemp+1, pclath, cstack
 Tracked objects:
		On entry : 
		On exit  : 
		Unchanged: 
 Data sizes:     COMMON   BANK0   BANK1   BANK2
      Params:         0       6       0       0
      Locals:         0       8       0       0
      Temps:          0       3       0       0
      Totals:         0      17       0       0
Total ram usage:       17 bytes
 Hardware stack levels used:    1
 Hardware stack levels required when called:    1
 This function calls:
		___lwdiv
		___lwmod
		_putch
 This function is called by:
		_main
 This function uses a non-reentrant model


 *************** function _putch *****************
 Defined at:
		line 255 in file "main.c"
 Parameters:    Size  Location     Type
  byte            1    wreg     unsigned char 
 Auto vars:     Size  Location     Type
  byte            1    0[COMMON] unsigned char 
 Return value:  Size  Location     Type
                  1    wreg      void 
 Registers used:
		wreg
 Tracked objects:
		On entry : 
		On exit  : 
		Unchanged: 
 Data sizes:     COMMON   BANK0   BANK1   BANK2
      Params:         0       0       0       0
      Locals:         1       0       0       0
      Temps:          0       0       0       0
      Totals:         1       0       0       0
Total ram usage:        1 bytes
 Hardware stack levels used:    1
 This function calls:
		Nothing
 This function is called by:
		_printf
		_getche
 This function uses a non-reentrant model


 *************** function ___lwmod *****************
 Defined at:
		line 5 in file "C:\Program Files\Microchip\xc8\v2.30\pic\sources\c90\common\lwmod.c"
 Parameters:    Size  Location     Type
  divisor         2    8[COMMON] unsigned int 
  dividend        2   10[COMMON] unsigned int 
 Auto vars:     Size  Location     Type
  counter         1   13[COMMON] unsigned char 
 Return value:  Size  Location     Type
                  2    8[COMMON] unsigned int 
 Registers used:
		wreg, status,2, status,0
 Tracked objects:
		On entry : 
		On exit  : 
		Unchanged: 
 Data sizes:     COMMON   BANK0   BANK1   BANK2
      Params:         4       0       0       0
      Locals:         1       0       0       0
      Temps:          1       0       0       0
      Totals:         6       0       0       0
Total ram usage:        6 bytes
 Hardware stack levels used:    1
 This function calls:
		Nothing
 This function is called by:
		_printf
 This function uses a non-reentrant model


 *************** function ___lwdiv *****************
 Defined at:
		line 5 in file "C:\Program Files\Microchip\xc8\v2.30\pic\sources\c90\common\lwdiv.c"
 Parameters:    Size  Location     Type
  divisor         2    0[COMMON] unsigned int 
  dividend        2    2[COMMON] unsigned int 
 Auto vars:     Size  Location     Type
  quotient        2    5[COMMON] unsigned int 
  counter         1    7[COMMON] unsigned char 
 Return value:  Size  Location     Type
                  2    0[COMMON] unsigned int 
 Registers used:
		wreg, status,2, status,0
 Tracked objects:
		On entry : 
		On exit  : 
		Unchanged: 
 Data sizes:     COMMON   BANK0   BANK1   BANK2
      Params:         4       0       0       0
      Locals:         3       0       0       0
      Temps:          1       0       0       0
      Totals:         8       0       0       0
Total ram usage:        8 bytes
 Hardware stack levels used:    1
 This function calls:
		Nothing
 This function is called by:
		_printf
 This function uses a non-reentrant model


 *************** function _init_pwm *****************
 Defined at:
		line 237 in file "main.c"
 Parameters:    Size  Location     Type
		None
 Auto vars:     Size  Location     Type
		None
 Return value:  Size  Location     Type
                  1    wreg      void 
 Registers used:
		wreg, status,2, status,0
 Tracked objects:
		On entry : 
		On exit  : 
		Unchanged: 
 Data sizes:     COMMON   BANK0   BANK1   BANK2
      Params:         0       0       0       0
      Locals:         0       0       0       0
      Temps:          0       0       0       0
      Totals:         0       0       0       0
Total ram usage:        0 bytes
 Hardware stack levels used:    1
 This function calls:
		Nothing
 This function is called by:
		_main
 This function uses a non-reentrant model


 *************** function _initUART *****************
 Defined at:
		line 246 in file "main.c"
 Parameters:    Size  Location     Type
		None
 Auto vars:     Size  Location     Type
		None
 Return value:  Size  Location     Type
                  1    wreg      void 
 Registers used:
		wreg
 Tracked objects:
		On entry : 
		On exit  : 
		Unchanged: 
 Data sizes:     COMMON   BANK0   BANK1   BANK2
      Params:         0       0       0       0
      Locals:         0       0       0       0
      Temps:          0       0       0       0
      Totals:         0       0       0       0
Total ram usage:        0 bytes
 Hardware stack levels used:    1
 This function calls:
		Nothing
 This function is called by:
		_main
 This function uses a non-reentrant model


 *************** function ___xxtofl *****************
 Defined at:
		line 10 in file "C:\Program Files\Microchip\xc8\v2.30\pic\sources\c90\common\xxtofl.c"
 Parameters:    Size  Location     Type
  sign            1    wreg     unsigned char 
  val             4    0[COMMON] long 
 Auto vars:     Size  Location     Type
  sign            1    8[COMMON] unsigned char 
  arg             4   10[COMMON] unsigned long 
  exp             1    9[COMMON] unsigned char 
 Return value:  Size  Location     Type
                  4    0[COMMON] unsigned char 
 Registers used:
		wreg, status,2, status,0
 Tracked objects:
		On entry : 
		On exit  : 
		Unchanged: 
 Data sizes:     COMMON   BANK0   BANK1   BANK2
      Params:         4       0       0       0
      Locals:         6       0       0       0
      Temps:          4       0       0       0
      Totals:        14       0       0       0
Total ram usage:       14 bytes
 Hardware stack levels used:    1
 This function calls:
		Nothing
 This function is called by:
		_main
 This function uses a non-reentrant model


 *************** function ___fltol *****************
 Defined at:
		line 43 in file "C:\Program Files\Microchip\xc8\v2.30\pic\sources\c90\common\fltol.c"
 Parameters:    Size  Location     Type
  f1              4    0[COMMON] unsigned char 
 Auto vars:     Size  Location     Type
  exp1            1   10[COMMON] unsigned char 
  sign1           1    9[COMMON] unsigned char 
 Return value:  Size  Location     Type
                  4    0[COMMON] long 
 Registers used:
		wreg, status,2, status,0
 Tracked objects:
		On entry : 
		On exit  : 
		Unchanged: 
 Data sizes:     COMMON   BANK0   BANK1   BANK2
      Params:         4       0       0       0
      Locals:         2       0       0       0
      Temps:          5       0       0       0
      Totals:        11       0       0       0
Total ram usage:       11 bytes
 Hardware stack levels used:    1
 This function calls:
		Nothing
 This function is called by:
		_main
 This function uses a non-reentrant model


 *************** function ___flmul *****************
 Defined at:
		line 8 in file "C:\Program Files\Microchip\xc8\v2.30\pic\sources\c90\common\sprcmul.c"
 Parameters:    Size  Location     Type
  b               4    0[BANK0 ] long 
  a               4    4[BANK0 ] long 
 Auto vars:     Size  Location     Type
  prod            4   15[BANK0 ] struct .
  grs             4    9[BANK0 ] unsigned long 
  temp            2   19[BANK0 ] struct .
  bexp            1   14[BANK0 ] unsigned char 
  aexp            1   13[BANK0 ] unsigned char 
  sign            1    8[BANK0 ] unsigned char 
 Return value:  Size  Location     Type
                  4    0[BANK0 ] unsigned char 
 Registers used:
		wreg, status,2, status,0, btemp+1, pclath, cstack
 Tracked objects:
		On entry : 
		On exit  : 
		Unchanged: 
 Data sizes:     COMMON   BANK0   BANK1   BANK2
      Params:         0       8       0       0
      Locals:         0      13       0       0
      Temps:          5       0       0       0
      Totals:         5      21       0       0
Total ram usage:       26 bytes
 Hardware stack levels used:    1
 Hardware stack levels required when called:    1
 This function calls:
		__Umul8_16
 This function is called by:
		_main
 This function uses a non-reentrant model


 *************** function __Umul8_16 *****************
 Defined at:
		line 4 in file "C:\Program Files\Microchip\xc8\v2.30\pic\sources\c90\common\Umul8_16.c"
 Parameters:    Size  Location     Type
  multiplier      1    wreg     unsigned char 
  multiplicand    1    0[COMMON] unsigned char 
 Auto vars:     Size  Location     Type
  multiplier      1    8[COMMON] unsigned char 
  word_mpld       2    6[COMMON] unsigned int 
  product         2    4[COMMON] unsigned int 
 Return value:  Size  Location     Type
                  2    0[COMMON] unsigned int 
 Registers used:
		wreg, status,2, status,0
 Tracked objects:
		On entry : 
		On exit  : 
		Unchanged: 
 Data sizes:     COMMON   BANK0   BANK1   BANK2
      Params:         2       0       0       0
      Locals:         5       0       0       0
      Temps:          2       0       0       0
      Totals:         9       0       0       0
Total ram usage:        9 bytes
 Hardware stack levels used:    1
 This function calls:
		Nothing
 This function is called by:
		___flmul
 This function uses a non-reentrant model


 *************** function ___flge *****************
 Defined at:
		line 4 in file "C:\Program Files\Microchip\xc8\v2.30\pic\sources\c90\common\flge.c"
 Parameters:    Size  Location     Type
  ff1             4    0[COMMON] unsigned int 
  ff2             4    4[COMMON] unsigned int 
 Auto vars:     Size  Location     Type
		None
 Return value:  Size  Location     Type
		None               void
 Registers used:
		wreg, status,2, status,0
 Tracked objects:
		On entry : 
		On exit  : 
		Unchanged: 
 Data sizes:     COMMON   BANK0   BANK1   BANK2
      Params:         8       0       0       0
      Locals:         0       0       0       0
      Temps:          4       0       0       0
      Totals:        12       0       0       0
Total ram usage:       12 bytes
 Hardware stack levels used:    1
 This function calls:
		Nothing
 This function is called by:
		_main
 This function uses a non-reentrant model


 *************** function ___fleq *****************
 Defined at:
		line 4 in file "C:\Program Files\Microchip\xc8\v2.30\pic\sources\c90\common\fleq.c"
 Parameters:    Size  Location     Type
  ff1             4    0[COMMON] unsigned int 
  ff2             4    4[COMMON] unsigned int 
 Auto vars:     Size  Location     Type
		None
 Return value:  Size  Location     Type
		None               void
 Registers used:
		wreg, status,2, status,0
 Tracked objects:
		On entry : 
		On exit  : 
		Unchanged: 
 Data sizes:     COMMON   BANK0   BANK1   BANK2
      Params:         8       0       0       0
      Locals:         0       0       0       0
      Temps:          4       0       0       0
      Totals:        12       0       0       0
Total ram usage:       12 bytes
 Hardware stack levels used:    1
 This function calls:
		Nothing
 This function is called by:
		_main
 This function uses a non-reentrant model


 *************** function ___fldiv *****************
 Defined at:
		line 8 in file "C:\Program Files\Microchip\xc8\v2.30\pic\sources\c90\common\sprcdiv.c"
 Parameters:    Size  Location     Type
  a               4   21[BANK0 ] unsigned int 
  b               4   25[BANK0 ] unsigned int 
 Auto vars:     Size  Location     Type
  grs             4   41[BANK0 ] unsigned long 
  rem             4   34[BANK0 ] unsigned long 
  new_exp         2   39[BANK0 ] int 
  aexp            1   46[BANK0 ] unsigned char 
  bexp            1   45[BANK0 ] unsigned char 
  sign            1   38[BANK0 ] unsigned char 
 Return value:  Size  Location     Type
                  4   21[BANK0 ] unsigned char 
 Registers used:
		wreg, status,2, status,0, btemp+1
 Tracked objects:
		On entry : 
		On exit  : 
		Unchanged: 
 Data sizes:     COMMON   BANK0   BANK1   BANK2
      Params:         0       8       0       0
      Locals:         0      13       0       0
      Temps:          0       5       0       0
      Totals:         0      26       0       0
Total ram usage:       26 bytes
 Hardware stack levels used:    1
 This function calls:
		Nothing
 This function is called by:
		_main
 This function uses a non-reentrant model



MODULE INFORMATION

Module		Function		Class		Link	Load	Size
C:\Program Files\Microchip\xc8\v2.30\pic\sources\c90\common\lwmod.c
		___lwmod       		CODE           	097E	0000	58

C:\Program Files\Microchip\xc8\v2.30\pic\sources\c90\common\lwmod.c estimated size: 58

C:\Program Files\Microchip\xc8\v2.30\pic\sources\c90\common\sprcmul.c
		___flmul       		CODE           	0CB1	0000	847

C:\Program Files\Microchip\xc8\v2.30\pic\sources\c90\common\sprcmul.c estimated size: 847

C:\Program Files\Microchip\xc8\v2.30\pic\sources\c90\common\sprcdiv.c
		___fldiv       		CODE           	011D	0000	477

C:\Program Files\Microchip\xc8\v2.30\pic\sources\c90\common\sprcdiv.c estimated size: 477

C:\Program Files\Microchip\xc8\v2.30\pic\sources\c90\common\xxtofl.c
		___xxtofl      		CODE           	0063	0000	186

C:\Program Files\Microchip\xc8\v2.30\pic\sources\c90\common\xxtofl.c estimated size: 186

C:\Program Files\Microchip\xc8\v2.30\pic\sources\c90\common\lwdiv.c
		___lwdiv       		CODE           	09B8	0000	68

C:\Program Files\Microchip\xc8\v2.30\pic\sources\c90\common\lwdiv.c estimated size: 68

C:\Program Files\Microchip\xc8\v2.30\pic\sources\c90\common\fleq.c
		___fleq        		CODE           	09FC	0000	78

C:\Program Files\Microchip\xc8\v2.30\pic\sources\c90\common\fleq.c estimated size: 78

C:\Program Files\Microchip\xc8\v2.30\pic\sources\c90\common\fltol.c
		___fltol       		CODE           	0A4A	0000	122

C:\Program Files\Microchip\xc8\v2.30\pic\sources\c90\common\fltol.c estimated size: 122

C:\Program Files\Microchip\xc8\v2.30\pic\sources\c90\common\doprnt.c
		_printf        		CODE           	0B66	0000	331

C:\Program Files\Microchip\xc8\v2.30\pic\sources\c90\common\doprnt.c estimated size: 331

shared
		__stringtab    		STRING         	0002	0000	6
		_dpowers       		STRING         	0008	0000	10
		__initialization		CODE           	07F9	0000	4
		_hexpowers     		STRING         	0012	0000	8

shared estimated size: 28

C:\Program Files\Microchip\xc8\v2.30\pic\sources\c90\common\Umul8_16.c
		__Umul8_16     		CODE           	0957	0000	39

C:\Program Files\Microchip\xc8\v2.30\pic\sources\c90\common\Umul8_16.c estimated size: 39

C:\Program Files\Microchip\xc8\v2.30\pic\sources\c90\common\flge.c
		___flge        		CODE           	0AC4	0000	162

C:\Program Files\Microchip\xc8\v2.30\pic\sources\c90\common\flge.c estimated size: 162

main.c
		_putch         		CODE           	0059	0000	10
		_main          		CODE           	02FA	0000	1279
		_initUART      		CODE           	0921	0000	17
		_set_port      		CODE           	0943	0000	20
		_init_pwm      		CODE           	0932	0000	17

main.c estimated size: 1343

